// Jest Snapshot v1, https://goo.gl/fbAQLP

exports[`Loader component renders properly default 1`] = `
<StyledLoader>
  <StyledImage />
</StyledLoader>
`;

exports[`Loader component renders properly with full props 1`] = `
<StyledLoader
  centerPage={true}
>
  <StyledImage
    login={true}
  />
</StyledLoader>
`;
