// Jest Snapshot v1, https://goo.gl/fbAQLP

exports[`render renders correctly 1`] = `
<Fragment>
  <StyledArticlesSection>
    <StyledJumbotron
      key="123"
    >
      <StyledHeader>
        123
      </StyledHeader>
      <p>
        hola
      </p>
    </StyledJumbotron>
  </StyledArticlesSection>
  <CounterNews
    total={1}
  />
</Fragment>
`;
