// Jest Snapshot v1, https://goo.gl/fbAQLP

exports[`MainComponent renders correctly 1`] = `
<StyledMainComponent>
  <withRouter(Connect(HeaderContainer)) />
  <Switch>
    <Component
      authorized={true}
      exact={true}
      isRedirect={true}
      key="0"
      path="/"
      redirectTo="/without-water/news"
    />
    <Component
      authorized={true}
      exact={true}
      isRedirect={true}
      key="1"
      path="/without-water"
      redirectTo="/without-water/news"
    />
    <Component
      authorized={true}
      component={[Function]}
      key="2"
      path="/without-water/login"
    />
    <Component
      authorized={true}
      component={[Function]}
      key="3"
      path="/without-water/news"
    />
    <Component
      authorized={true}
      component={[Function]}
      isPrivate={true}
      key="4"
      path="/without-water/profile"
    />
    <Component
      authorized={true}
      component={[Function]}
      key="5"
    />
  </Switch>
</StyledMainComponent>
`;
