// Jest Snapshot v1, https://goo.gl/fbAQLP

exports[`StyledNavLink renders correctly 1`] = `
.c0:hover {
  cursor: pointer;
}

<NavLink
  className="c0"
  tag="a"
/>
`;

exports[`StyledNavbarBrand renders correctly 1`] = `
.c0 {
  background: url(sieve.svg) no-repeat center center;
  background-size: contain;
  height: 2.5rem;
  width: 2.5rem;
}

<NavbarBrand
  className="c0"
  tag="a"
/>
`;
