// Jest Snapshot v1, https://goo.gl/fbAQLP

exports[`render renders correctly 1`] = `
<LogInComponent
  email=""
  emailError=""
  fetching={false}
  handleInputsChange={[Function]}
  handleSubmit={[Function]}
  isError={false}
  loginError=""
  onKeyPress={[Function]}
  password=""
  passwordError=""
  serverError=""
/>
`;
